<html>
<body>
<pre>
<h1>µVision Build Log</h1>
<h2>Tool Versions:</h2>
IDE-Version: ¦ÌVision V5.14.0.0
Copyright (C) 2015 ARM Ltd and ARM Germany GmbH. All rights reserved.
License Information: qin 2841084614@qq.com, whu, LIC=----
 
Tool Versions:
Toolchain:       MDK-Lite  Version: 5.14.0.0
Toolchain Path:  I:\keil5\ARM\ARMCC\Bin
C Compiler:      Armcc.exe V5.05 update 1 (build 106)
Assembler:       Armasm.exe V5.05 update 1 (build 106)
Linker/Locator:  ArmLink.exe V5.05 update 1 (build 106)
Library Manager: ArmAr.exe V5.05 update 1 (build 106)
Hex Converter:   FromElf.exe V5.05 update 1 (build 106)
CPU DLL:         SARMCM3.DLL V5.14.0.0
Dialog DLL:      DCM.DLL V1.13.1.0
Target DLL:      Segger\JL2CM3.dll V2.99.13.0
Dialog DLL:      TCM.DLL V1.14.4.0
 
<h2>Project:</h2>
F:\STM32projects\battleCar_stm32\MDK-ARM\battleCar_stm32.uvprojx
Project File Date:  07/11/2024

<h2>Output:</h2>
Build target 'battleCar_stm32'
compiling main.c...
../Core/Src/main.c(139): warning:  #223-D: function "abs" declared implicitly
    speedL_abs = abs(speedL_set);
../Core/Src/main.c(201): warning:  #223-D: function "abs" declared implicitly
    speedL_abs = abs(pidL.Output);
../Core/Src/main.c: 2 warnings, 0 errors
linking...
Program Size: Code=13296 RO-data=456 RW-data=44 ZI-data=1956  
FromELF: creating hex file...
"battleCar_stm32\battleCar_stm32.axf" - 0 Error(s), 2 Warning(s).

<h2>Software Packages used:</h2>

Package Vendor: ARM
                http://www.keil.com/pack/ARM.CMSIS.4.2.0.pack
                ARM::CMSIS:CORE:3.40.0
                CMSIS (Cortex Microcontroller Software Interface Standard)
   * Component: CORE Version: 3.40.0

<h2>Collection of Component include folders:</h2>
  F:\STM32projects\battleCar_stm32\MDK-ARM\RTE
  I:\keil5_pack\ARM\CMSIS\4.2.0\CMSIS\Include
  I:\keil5_pack\Keil\STM32F4xx_DFP\2.17.1

<h2>Collection of Component Files used:</h2>

   * Component: ARM::CMSIS:CORE:3.40.0
      Source file:   CMSIS\UserCodeTemplates\ARM\ITM_Retarget.c
</pre>
</body>
</html>
